Using bundled DotNet SDK version: 10.0 win-x64
Running UnrealBuildTool: dotnet "..\..\Engine\Binaries\DotNET\UnrealBuildTool\UnrealBuildTool.dll" DarkwellEditor Win64 Development D:\UE_projects\LastLight\Darkwell.uproject -WaitMutex -FromMsBuild
Log file: C:\Users\defiler919\AppData\Local\UnrealBuildTool\Log.txt
Determining max actions to execute in parallel (6 physical cores, 12 logical cores)
  Executing up to 6 processes, one per physical core
Using 'git status' to determine working set for adaptive non-unity build (D:\UE_projects\LastLight).
UbaServer - Listening on 0.0.0.0:1345
Available x64 toolchains (1):
 * D:\Program Files\Microsoft Visual Studio\18\Community\VC\Tools\MSVC\14.51.36231
    (Family=14.51.36231, FamilyRank=2, Version=14.51.36256, HostArchitecture=x64, ReleaseChannel=Latest, Architecture=x64)
Visual Studio compiler version 14.51.36256 is newer than latest preferred version 14.50.35717. Please use caution as this compiler has not been heavily tested
UHT compiled-in object format Default
Building DarkwellEditor...
===== Toolchain Information =====
Using ISPC compiler (D:\UE_5.8\Engine\Source\ThirdParty\Intel\ISPC\bin\Windows\ispc.exe)
  Intel(r) Implicit SPMD Program Compiler (Intel(r) ISPC), 1.24.0 (build commit  @ 20250404, LLVM 18.1.2)
Using Visual Studio 14.51.36256 toolchain (D:\Program Files\Microsoft Visual Studio\18\Community\VC\Tools\MSVC\14.51.36231) and Windows 10.0.26100.0 SDK (C:\Program Files (x86)\Windows Kits\10).
Warning: Visual Studio compiler 14.51.36256 is not a preferred version
[Adaptive Build] Excluded from Darkwell unity file: DarkwellFogStabilizationTests.cpp, DarkwellStaticKnowledgeTests.cpp, DarkwellHUD.cpp, DarkwellApartmentBenchmark.cpp, DarkwellApartmentLab.cpp, DarkwellCoverageRaster.cpp, DarkwellFogVisualSubsystem.cpp, DarkwellMemoryRegionSubsystem.cpp, DarkwellStaticEnvironmentSubsystem.cpp, DarkwellStaticKnowledge.cpp
=================================
Using Unreal Build Accelerator local executor to run 8 action(s)
  CPU 6 physical cores, 12 logical cores
  Memory 31.69 GB physical, 23.6 GB/47.69 GB committed
  UBA Storage capacity 40 GB
[1/8] Compile [x64] DarkwellStaticEnvironmentSubsystem.cpp
[2/8] Compile [x64] DarkwellMemoryRegionSubsystem.cpp
[3/8] Compile [x64] DarkwellApartmentLab.cpp
D:\UE_5.8\Engine\Source\Runtime\Engine\Classes\GameFramework\Character.h(798,31): warning C4996: 'APawn::GetMovementBase': GetMovementBase is deprecated. Use GetMovementBaseObject or GetMovementBaseInterfaceData instead. - Please update your code to the new API before upgrading to the next release, otherwise your project will no longer compile.
	virtual UPrimitiveComponent* GetMovementBase() const override final { return Cast<UPrimitiveComponent>(GetMovementBaseObject()); }
	                             ^
[4/8] Compile [x64] DarkwellApartmentBenchmark.cpp
D:\UE_5.8\Engine\Source\Runtime\Engine\Classes\GameFramework\Character.h(798,31): warning C4996: 'APawn::GetMovementBase': GetMovementBase is deprecated. Use GetMovementBaseObject or GetMovementBaseInterfaceData instead. - Please update your code to the new API before upgrading to the next release, otherwise your project will no longer compile.
	virtual UPrimitiveComponent* GetMovementBase() const override final { return Cast<UPrimitiveComponent>(GetMovementBaseObject()); }
	                             ^
[5/8] Compile [x64] Module.Darkwell.1.cpp
D:\UE_5.8\Engine\Source\Runtime\Engine\Classes\GameFramework\Character.h(798,31): warning C4996: 'APawn::GetMovementBase': GetMovementBase is deprecated. Use GetMovementBaseObject or GetMovementBaseInterfaceData instead. - Please update your code to the new API before upgrading to the next release, otherwise your project will no longer compile.
	virtual UPrimitiveComponent* GetMovementBase() const override final { return Cast<UPrimitiveComponent>(GetMovementBaseObject()); }
	                             ^
D:\UE_5.8\Engine\Source\Runtime\AIModule\Classes\AISystem.h(151,28): warning C4996: 'UAISystemBase::CleanupWorld': NewWorld was unused and not always calculated correctly and we expect it is not needed; let us know on UDN if it is necessary. - Please update your code to the new API before upgrading to the next release, otherwise your project will no longer compile.
	AIMODULE_API virtual void CleanupWorld(bool bSessionEnded, bool bCleanupResources, UWorld* NewWorld) override;
	                          ^
[6/8] Link [x64] UnrealEditor-Darkwell.lib
  正在创建库 D:/UE_projects/LastLight/Intermediate/Build/Win64/x64/UnrealEditor/Development/Darkwell/UnrealEditor-Darkwell.lib 和对象 D:/UE_projects/LastLight/Intermediate/Build/Win64/x64/UnrealEditor/Development/Darkwell/UnrealEditor-Darkwell.exp
[7/8] Link [x64] UnrealEditor-Darkwell.dll
[8/8] WriteMetadata DarkwellEditor.target [NoUba]

Total time in Unreal Build Accelerator local executor: 15.40 seconds
Output binary: D:\UE_5.8\Engine\Binaries\Win64\UnrealEditor.exe

Result: Succeeded
Total execution time: 18.32 seconds
Trace written to file C:\Users\defiler919\AppData\Local\UnrealBuildTool\Trace.uba with size 8.1kb
