Using bundled DotNet SDK version: 10.0 win-x64
Running UnrealBuildTool: dotnet "..\..\Engine\Binaries\DotNET\UnrealBuildTool\UnrealBuildTool.dll" DarkwellEditor Win64 Development D:\UE_projects\LastLight\Darkwell.uproject -WaitMutex -FromMsBuild
Log file: C:\Users\defiler919\AppData\Local\UnrealBuildTool\Log.txt
Determining max actions to execute in parallel (6 physical cores, 12 logical cores)
  Executing up to 6 processes, one per physical core
Using 'git status' to determine working set for adaptive non-unity build (D:\UE_projects\LastLight).
UbaServer - Listening on 0.0.0.0:1345
Available x64 toolchains (1):
 * D:\Program Files\Microsoft Visual Studio\18\Community\VC\Tools\MSVC\14.51.36231
    (Family=14.51.36231, FamilyRank=2, Version=14.51.36256, HostArchitecture=x64, ReleaseChannel=Latest, Architecture=x64)
Visual Studio compiler version 14.51.36256 is newer than latest preferred version 14.50.35717. Please use caution as this compiler has not been heavily tested
Building DarkwellEditor...
===== Toolchain Information =====
Using ISPC compiler (D:\UE_5.8\Engine\Source\ThirdParty\Intel\ISPC\bin\Windows\ispc.exe)
  Intel(r) Implicit SPMD Program Compiler (Intel(r) ISPC), 1.24.0 (build commit  @ 20250404, LLVM 18.1.2)
Using Visual Studio 14.51.36256 toolchain (D:\Program Files\Microsoft Visual Studio\18\Community\VC\Tools\MSVC\14.51.36231) and Windows 10.0.26100.0 SDK (C:\Program Files (x86)\Windows Kits\10).
Warning: Visual Studio compiler 14.51.36256 is not a preferred version
[Adaptive Build] Excluded from Darkwell unity file: DarkwellCleanBlackRegionLabTests.cpp, DarkwellCurrentGridLifecycleTests.cpp, DarkwellCurrentLiveGrid.cpp, DarkwellObjectMemoryScene.cpp, DarkwellWholePreparation.cpp
=================================
Using Unreal Build Accelerator local executor to run 4 action(s)
  CPU 6 physical cores, 12 logical cores
  Memory 31.69 GB physical, 23.97 GB/47.69 GB committed
  UBA Storage capacity 40 GB
[1/4] Compile [x64] DarkwellCleanBlackRegionLabTests.cpp
D:\UE_5.8\Engine\Source\Runtime\Engine\Classes\GameFramework\Character.h(798,31): warning C4996: 'APawn::GetMovementBase': GetMovementBase is deprecated. Use GetMovementBaseObject or GetMovementBaseInterfaceData instead. - Please update your code to the new API before upgrading to the next release, otherwise your project will no longer compile.
	virtual UPrimitiveComponent* GetMovementBase() const override final { return Cast<UPrimitiveComponent>(GetMovementBaseObject()); }
	                             ^
[2/4] Link [x64] UnrealEditor-Darkwell.lib
  正在创建库 D:/UE_projects/LastLight/Intermediate/Build/Win64/x64/UnrealEditor/Development/Darkwell/UnrealEditor-Darkwell.lib 和对象 D:/UE_projects/LastLight/Intermediate/Build/Win64/x64/UnrealEditor/Development/Darkwell/UnrealEditor-Darkwell.exp
[3/4] Link [x64] UnrealEditor-Darkwell.dll
[4/4] WriteMetadata DarkwellEditor.target [NoUba]

Total time in Unreal Build Accelerator local executor: 7.07 seconds
Output binary: D:\UE_5.8\Engine\Binaries\Win64\UnrealEditor.exe

Result: Succeeded
Total execution time: 8.33 seconds
Trace written to file C:\Users\defiler919\AppData\Local\UnrealBuildTool\Trace.uba with size 6.0kb
